[2026-07-28 10:15:01] INFO: Servidor iniciado correctamente en el puerto 8080.
[2026-07-28 10:15:05] WARN: El uso de memoria superó el 75%.
[2026-07-28 10:16:12] ERROR: Conexión rechazada por la base de datos principal.
[2026-07-28 10:17:00] INFO: Usuario 'admin' ha iniciado sesión correctamente.
[2026-07-28 10:18:22] [error] No se encontró el archivo de configuración /etc/app/config.json.
[2026-07-28 10:19:40] DEBUG: Ejecutando tarea programada de limpieza de temporales.
[2026-07-28 10:20:15] CRITICAL: Fallo en el almacenamiento principal /dev/sda1 (Sin espacio).
[2026-07-28 10:21:03] INFO: Petición GET /api/v1/users procesada en 45ms.
[2026-07-28 10:22:50] FATAL: Kernel panic - no se puede asignar memoria adicional al proceso.
[2026-07-28 10:23:11] WARN: Tiempo de respuesta elevado en la API de pagos (1200ms).
[2026-07-28 10:24:00] [Critical] Caída del servicio Nginx detectada por el monitor.
[2026-07-28 10:25:30] INFO: Copia de seguridad finalizada con éxito.
[2026-07-28 10:26:14] Error: Token de autenticación expirado para el usuario 1042.
[2026-07-28 10:27:01] INFO: Reiniciando grupo de trabajadores (worker processes).
[2026-07-28 10:28:45] [fatal] Interrupción no manejada en el hilo secundario #4.
[2026-07-28 10:29:10] WARN: Intento de acceso sin SSL bloqueado desde 192.168.1.50.
[2026-07-28 10:30:22] ERROR: Timeout al conectar con la pasarela de pagos externa.
[2026-07-28 10:31:05] INFO: Métricas enviadas al servidor Prometheus.
[2026-07-28 10:32:00] [CRITICAL] Certificado SSL expirado para el dominio api.local.
[2026-07-28 10:33:15] INFO: Cierre programado del servicio por mantenimiento.
